Total rules: 79
Rules with mapped_controls: 58

  AWS-S3-001: owasp=['A01:2021'] cwe=['CWE-732'] mitre=['T1530'] nist=['AC-3', 'AC-6']
  AWS-IAM-001: owasp=['A01:2021'] cwe=['CWE-269'] mitre=['T1078'] nist=['AC-6']
  AWS-IAM-002: owasp=['A07:2021'] cwe=['CWE-798'] mitre=['T1552.001'] nist=[]
  AWS-RDS-001: owasp=[] cwe=['CWE-668'] mitre=['T1190'] nist=['AC-3']
  AWS-EKS-001: owasp=[] cwe=['CWE-284'] mitre=['T1552.007'] nist=[]
  AZURE-BLOB-001: owasp=['A01:2021'] cwe=['CWE-732'] mitre=['T1530'] nist=['AC-3']
  AZURE-VM-001: owasp=[] cwe=['CWE-284'] mitre=['T1078', 'T1110'] nist=['AC-17']
  OWASP-WEB-001: owasp=['A01:2021'] cwe=['CWE-284', 'CWE-285', 'CWE-639'] mitre=['T1078'] nist=['AC-3', 'AC-6']
  OWASP-WEB-002: owasp=['A02:2021'] cwe=['CWE-311', 'CWE-327', 'CWE-326'] mitre=['T1040', 'T1557'] nist=['SC-8', 'SC-12', 'SC-13']
  OWASP-WEB-003: owasp=['A03:2021'] cwe=['CWE-89', 'CWE-78', 'CWE-79'] mitre=['T1190'] nist=[]

--- Full Analysis Test ---
  E-001 | Missing Input Validation (XSS/Injection) | owasp=['A03:2021-Injection'] cwe=[] mitre=[] nist=['SI-10']
  OWASP-WEB-001 | Broken Access Control | owasp=['A01:2021'] cwe=['CWE-284', 'CWE-285', 'CWE-639'] mitre=['T1078'] nist=['AC-3', 'AC-6']
  OWASP-WEB-002 | Cryptographic Failures | owasp=['A02:2021'] cwe=['CWE-311', 'CWE-327', 'CWE-326'] mitre=['T1040', 'T1557'] nist=['SC-8', 'SC-12', 'SC-13']
  OWASP-WEB-003 | Injection Attacks | owasp=['A03:2021'] cwe=['CWE-89', 'CWE-78', 'CWE-79'] mitre=['T1190'] nist=[]
  OWASP-WEB-010 | Server-Side Request Forgery (SSRF) | owasp=['A10:2021'] cwe=['CWE-918'] mitre=['T1552.005'] nist=[]
  AUTH-001 | JWT Token Without Expiration | owasp=['A07:2021'] cwe=['CWE-613'] mitre=['T1550.001'] nist=[]
  AUTH-003 | API Keys in URL Parameters | owasp=['API1:2023'] cwe=['CWE-598'] mitre=['T1552.001'] nist=[]
  S-001 | Weak or Missing Authentication | owasp=['A07:2021-Identification and Authentication Failures'] cwe=[] mitre=[] nist=['IA-2', 'IA-5']
  R-001 | Lack of Audit Logging | owasp=['A09:2021-Security Logging and Monitoring Failures'] cwe=[] mitre=[] nist=['AU-2', 'AU-3']
  D-001 | Missing Rate Limiting | owasp=['A04:2021-Insecure Design'] cwe=[] mitre=[] nist=[]
  LAT-001 | Potential Lateral Movement (Missing Internal Auth) | owasp=[] cwe=[] mitre=[] nist=[]
